Turbo Assembler	 Version 4.1	    03/23/15 13:48:18	    Page 1
pong.ASM



      1					 ;entete
      2					 extrn lirent:proc, ecrent:proc
      3					 extrn ecrbool:proc
      4					 extrn ecrch:proc, ligsuiv:proc
      5	    0000			 .model	SMALL
      6					 .586
      7
      8	    0000			 .CODE
      9	    0000			 debut:
     10						 STARTUPCODE
1    11	    0000			 @Startup:
1    12	    0000  BA 0000s			 MOV	 DX,@data
1    13	    0003  8E DA				 MOV	 DS,DX
1    14	    0005  8C D3				 MOV	 BX,SS
1    15	    0007  2B DA				 SUB	 BX,DX
1    16	    0009  C1 E3	04			 SHL	 BX,4
1    17	    000C  8E D2				 MOV	 SS,DX
1    18	    000E  03 E3				 ADD	 SP,BX
     19
     20						 ;ouvrePrinc 10
     21	    0010  8B EC				 mov bp,sp
     22	    0012  83 EC	0A			 sub sp,10
     23
     24						 ;iconst 1
     25	    0015  6A 01				 push word ptr 1
     26
     27						 ;istore -6
     28	    0017  58				 pop ax
     29	    0018  89 46	FA			 mov word ptr [bp-6],ax
     30
     31						 ;iconst 1
     32	    001B  6A 01				 push word ptr 1
     33
     34						 ;istore -8
     35	    001D  58				 pop ax
     36	    001E  89 46	F8			 mov word ptr [bp-8],ax
     37
     38	    0021			 FAIRE1:
     39						 ;iconst -1
     40	    0021  6A FF				 push word ptr -1
     41
     42						 ;iffaux FAIT1
     43	    0023  58				 pop ax
     44	    0024  3D 0000			 cmp ax,0
     45	    0027  0F 84	01EB			 je FAIT1
     46
     47						 ;iload	-2
     48	    002B  FF 76	FE			 push word ptr [bp-2]
     49
     50						 ;iconst 40
     51	    002E  6A 28				 push word ptr 40
     52
     53						 ;iegal
     54	    0030  5B				 pop bx
     55	    0031  58				 pop ax
     56	    0032  3B C3				 cmp ax,bx
     57	    0034  75 04				 jne $+6
Turbo Assembler	 Version 4.1	    03/23/15 13:48:18	    Page 2
pong.ASM



     58	    0036  6A FF				 push -1
     59	    0038  EB 02				 jmp $+4
     60	    003A  6A 00				 push 0
     61
     62						 ;iload	-6
     63	    003C  FF 76	FA			 push word ptr [bp-6]
     64
     65						 ;iconst 0
     66	    003F  6A 00				 push word ptr 0
     67
     68						 ;isup
     69	    0041  5B				 pop bx
     70	    0042  58				 pop ax
     71	    0043  3B C3				 cmp ax,bx
     72	    0045  7E 04				 jle $+6
     73	    0047  6A FF				 push -1
     74	    0049  EB 02				 jmp $+4
     75	    004B  6A 00				 push 0
     76
     77						 ;iand
     78	    004D  5B				 pop bx
     79	    004E  58				 pop ax
     80	    004F  23 C3				 and ax,bx
     81	    0051  50				 push ax
     82
     83						 ;iffaux SINON1
     84	    0052  58				 pop ax
     85	    0053  3D 0000			 cmp ax,0
     86	    0056  74 1A	90 90			 je SINON1
     87
     88						 ;iload	-6
     89	    005A  FF 76	FA			 push word ptr [bp-6]
     90
     91						 ;iconst 1
     92	    005D  6A 01				 push word ptr 1
     93
     94						 ;ineg
     95	    005F  5B				 pop bx
     96	    0060  B8 0000			 mov ax,0
     97	    0063  2B C3				 sub ax,bx
     98	    0065  50				 push ax
     99
    100						 ;imul
    101	    0066  5B				 pop bx
    102	    0067  58				 pop ax
    103	    0068  F7 EB				 imul bx
    104	    006A  50				 push ax
    105
    106						 ;istore -6
    107	    006B  58				 pop ax
    108	    006C  89 46	FA			 mov word ptr [bp-6],ax
    109
    110						 ;goto FSI1
    111	    006F  EB 01	90			 jmp FSI1
    112	    0072			 SINON1:
    113	    0072			 FSI1:
    114						 ;iload	-2
Turbo Assembler	 Version 4.1	    03/23/15 13:48:18	    Page 3
pong.ASM



    115	    0072  FF 76	FE			 push word ptr [bp-2]
    116
    117						 ;iconst 0
    118	    0075  6A 00				 push word ptr 0
    119
    120						 ;iegal
    121	    0077  5B				 pop bx
    122	    0078  58				 pop ax
    123	    0079  3B C3				 cmp ax,bx
    124	    007B  75 04				 jne $+6
    125	    007D  6A FF				 push -1
    126	    007F  EB 02				 jmp $+4
    127	    0081  6A 00				 push 0
    128
    129						 ;iload	-6
    130	    0083  FF 76	FA			 push word ptr [bp-6]
    131
    132						 ;iconst 0
    133	    0086  6A 00				 push word ptr 0
    134
    135						 ;iinf
    136	    0088  5B				 pop bx
    137	    0089  58				 pop ax
    138	    008A  3B C3				 cmp ax,bx
    139	    008C  7D 04				 jge $+6
    140	    008E  6A FF				 push -1
    141	    0090  EB 02				 jmp $+4
    142	    0092  6A 00				 push 0
    143
    144						 ;iand
    145	    0094  5B				 pop bx
    146	    0095  58				 pop ax
    147	    0096  23 C3				 and ax,bx
    148	    0098  50				 push ax
    149
    150						 ;iffaux SINON2
    151	    0099  58				 pop ax
    152	    009A  3D 0000			 cmp ax,0
    153	    009D  74 1A	90 90			 je SINON2
    154
    155						 ;iload	-6
    156	    00A1  FF 76	FA			 push word ptr [bp-6]
    157
    158						 ;iconst 1
    159	    00A4  6A 01				 push word ptr 1
    160
    161						 ;ineg
    162	    00A6  5B				 pop bx
    163	    00A7  B8 0000			 mov ax,0
    164	    00AA  2B C3				 sub ax,bx
    165	    00AC  50				 push ax
    166
    167						 ;imul
    168	    00AD  5B				 pop bx
    169	    00AE  58				 pop ax
    170	    00AF  F7 EB				 imul bx
    171	    00B1  50				 push ax
Turbo Assembler	 Version 4.1	    03/23/15 13:48:18	    Page 4
pong.ASM



    172
    173						 ;istore -6
    174	    00B2  58				 pop ax
    175	    00B3  89 46	FA			 mov word ptr [bp-6],ax
    176
    177						 ;goto FSI2
    178	    00B6  EB 01	90			 jmp FSI2
    179	    00B9			 SINON2:
    180	    00B9			 FSI2:
    181						 ;iload	-4
    182	    00B9  FF 76	FC			 push word ptr [bp-4]
    183
    184						 ;iconst 14
    185	    00BC  6A 0E				 push word ptr 14
    186
    187						 ;iegal
    188	    00BE  5B				 pop bx
    189	    00BF  58				 pop ax
    190	    00C0  3B C3				 cmp ax,bx
    191	    00C2  75 04				 jne $+6
    192	    00C4  6A FF				 push -1
    193	    00C6  EB 02				 jmp $+4
    194	    00C8  6A 00				 push 0
    195
    196						 ;iload	-8
    197	    00CA  FF 76	F8			 push word ptr [bp-8]
    198
    199						 ;iconst 0
    200	    00CD  6A 00				 push word ptr 0
    201
    202						 ;isup
    203	    00CF  5B				 pop bx
    204	    00D0  58				 pop ax
    205	    00D1  3B C3				 cmp ax,bx
    206	    00D3  7E 04				 jle $+6
    207	    00D5  6A FF				 push -1
    208	    00D7  EB 02				 jmp $+4
    209	    00D9  6A 00				 push 0
    210
    211						 ;iand
    212	    00DB  5B				 pop bx
    213	    00DC  58				 pop ax
    214	    00DD  23 C3				 and ax,bx
    215	    00DF  50				 push ax
    216
    217						 ;iffaux SINON3
    218	    00E0  58				 pop ax
    219	    00E1  3D 0000			 cmp ax,0
    220	    00E4  74 1A	90 90			 je SINON3
    221
    222						 ;iload	-8
    223	    00E8  FF 76	F8			 push word ptr [bp-8]
    224
    225						 ;iconst 1
    226	    00EB  6A 01				 push word ptr 1
    227
    228						 ;ineg
Turbo Assembler	 Version 4.1	    03/23/15 13:48:18	    Page 5
pong.ASM



    229	    00ED  5B				 pop bx
    230	    00EE  B8 0000			 mov ax,0
    231	    00F1  2B C3				 sub ax,bx
    232	    00F3  50				 push ax
    233
    234						 ;imul
    235	    00F4  5B				 pop bx
    236	    00F5  58				 pop ax
    237	    00F6  F7 EB				 imul bx
    238	    00F8  50				 push ax
    239
    240						 ;istore -8
    241	    00F9  58				 pop ax
    242	    00FA  89 46	F8			 mov word ptr [bp-8],ax
    243
    244						 ;goto FSI3
    245	    00FD  EB 01	90			 jmp FSI3
    246	    0100			 SINON3:
    247	    0100			 FSI3:
    248						 ;iload	-4
    249	    0100  FF 76	FC			 push word ptr [bp-4]
    250
    251						 ;iconst 0
    252	    0103  6A 00				 push word ptr 0
    253
    254						 ;iegal
    255	    0105  5B				 pop bx
    256	    0106  58				 pop ax
    257	    0107  3B C3				 cmp ax,bx
    258	    0109  75 04				 jne $+6
    259	    010B  6A FF				 push -1
    260	    010D  EB 02				 jmp $+4
    261	    010F  6A 00				 push 0
    262
    263						 ;iload	-8
    264	    0111  FF 76	F8			 push word ptr [bp-8]
    265
    266						 ;iconst 0
    267	    0114  6A 00				 push word ptr 0
    268
    269						 ;iinf
    270	    0116  5B				 pop bx
    271	    0117  58				 pop ax
    272	    0118  3B C3				 cmp ax,bx
    273	    011A  7D 04				 jge $+6
    274	    011C  6A FF				 push -1
    275	    011E  EB 02				 jmp $+4
    276	    0120  6A 00				 push 0
    277
    278						 ;iand
    279	    0122  5B				 pop bx
    280	    0123  58				 pop ax
    281	    0124  23 C3				 and ax,bx
    282	    0126  50				 push ax
    283
    284						 ;iffaux SINON4
    285	    0127  58				 pop ax
Turbo Assembler	 Version 4.1	    03/23/15 13:48:18	    Page 6
pong.ASM



    286	    0128  3D 0000			 cmp ax,0
    287	    012B  74 1A	90 90			 je SINON4
    288
    289						 ;iload	-8
    290	    012F  FF 76	F8			 push word ptr [bp-8]
    291
    292						 ;iconst 1
    293	    0132  6A 01				 push word ptr 1
    294
    295						 ;ineg
    296	    0134  5B				 pop bx
    297	    0135  B8 0000			 mov ax,0
    298	    0138  2B C3				 sub ax,bx
    299	    013A  50				 push ax
    300
    301						 ;imul
    302	    013B  5B				 pop bx
    303	    013C  58				 pop ax
    304	    013D  F7 EB				 imul bx
    305	    013F  50				 push ax
    306
    307						 ;istore -8
    308	    0140  58				 pop ax
    309	    0141  89 46	F8			 mov word ptr [bp-8],ax
    310
    311						 ;goto FSI4
    312	    0144  EB 01	90			 jmp FSI4
    313	    0147			 SINON4:
    314	    0147			 FSI4:
    315						 ;iload	-2
    316	    0147  FF 76	FE			 push word ptr [bp-2]
    317
    318						 ;iload	-6
    319	    014A  FF 76	FA			 push word ptr [bp-6]
    320
    321						 ;iadd
    322	    014D  5B				 pop bx
    323	    014E  58				 pop ax
    324	    014F  03 C3				 add ax,bx
    325	    0151  50				 push ax
    326
    327						 ;istore -2
    328	    0152  58				 pop ax
    329	    0153  89 46	FE			 mov word ptr [bp-2],ax
    330
    331						 ;iload	-4
    332	    0156  FF 76	FC			 push word ptr [bp-4]
    333
    334						 ;iload	-8
    335	    0159  FF 76	F8			 push word ptr [bp-8]
    336
    337						 ;iadd
    338	    015C  5B				 pop bx
    339	    015D  58				 pop ax
    340	    015E  03 C3				 add ax,bx
    341	    0160  50				 push ax
    342
Turbo Assembler	 Version 4.1	    03/23/15 13:48:18	    Page 7
pong.ASM



    343						 ;istore -4
    344	    0161  58				 pop ax
    345	    0162  89 46	FC			 mov word ptr [bp-4],ax
    346
    347						 ;iload	-4
    348	    0165  FF 76	FC			 push word ptr [bp-4]
    349
    350						 ;istore -10
    351	    0168  58				 pop ax
    352	    0169  89 46	F6			 mov word ptr [bp-10],ax
    353
    354	    016C			 FAIRE2:
    355						 ;iload	-10
    356	    016C  FF 76	F6			 push word ptr [bp-10]
    357
    358						 ;iconst 0
    359	    016F  6A 00				 push word ptr 0
    360
    361						 ;isup
    362	    0171  5B				 pop bx
    363	    0172  58				 pop ax
    364	    0173  3B C3				 cmp ax,bx
    365	    0175  7E 04				 jle $+6
    366	    0177  6A FF				 push -1
    367	    0179  EB 02				 jmp $+4
    368	    017B  6A 00				 push 0
    369
    370						 ;iffaux FAIT2
    371	    017D  58				 pop ax
    372	    017E  3D 0000			 cmp ax,0
    373	    0181  74 15	90 90			 je FAIT2
    374
    375						 ;aLaLigne
    376	    0185  E8 0000e			 call ligsuiv
    377
    378						 ;iload	-10
    379	    0188  FF 76	F6			 push word ptr [bp-10]
    380
    381						 ;iconst 1
    382	    018B  6A 01				 push word ptr 1
    383
    384						 ;isub
    385	    018D  5B				 pop bx
    386	    018E  58				 pop ax
    387	    018F  2B C3				 sub ax,bx
    388	    0191  50				 push ax
    389
    390						 ;istore -10
    391	    0192  58				 pop ax
    392	    0193  89 46	F6			 mov word ptr [bp-10],ax
    393
    394						 ;goto FAIRE2
    395	    0196  EB D4				 jmp FAIRE2
    396	    0198			 FAIT2:
    397						 ;iload	-2
    398	    0198  FF 76	FE			 push word ptr [bp-2]
    399
Turbo Assembler	 Version 4.1	    03/23/15 13:48:18	    Page 8
pong.ASM



    400						 ;iconst 2
    401	    019B  6A 02				 push word ptr 2
    402
    403						 ;isub
    404	    019D  5B				 pop bx
    405	    019E  58				 pop ax
    406	    019F  2B C3				 sub ax,bx
    407	    01A1  50				 push ax
    408
    409						 ;istore -10
    410	    01A2  58				 pop ax
    411	    01A3  89 46	F6			 mov word ptr [bp-10],ax
    412
    413						 ;ecrireChaine "|"
    414	    01A6			 .DATA
    415	    0000  7C 24			 mess0 DB "|$"
    416	    0002			 .CODE
    417	    01A6  BA 0000r			 lea dx,mess0
    418	    01A9  52				 push dx
    419	    01AA  E8 0000e			 call ecrch
    420
    421	    01AD			 FAIRE3:
    422						 ;iload	-10
    423	    01AD  FF 76	F6			 push word ptr [bp-10]
    424
    425						 ;iconst 0
    426	    01B0  6A 00				 push word ptr 0
    427
    428						 ;isup
    429	    01B2  5B				 pop bx
    430	    01B3  58				 pop ax
    431	    01B4  3B C3				 cmp ax,bx
    432	    01B6  7E 04				 jle $+6
    433	    01B8  6A FF				 push -1
    434	    01BA  EB 02				 jmp $+4
    435	    01BC  6A 00				 push 0
    436
    437						 ;iffaux FAIT3
    438	    01BE  58				 pop ax
    439	    01BF  3D 0000			 cmp ax,0
    440	    01C2  74 19	90 90			 je FAIT3
    441
    442						 ;ecrireChaine " "
    443	    01C6			 .DATA
    444	    0002  20 24			 mess1 DB " $"
    445	    0004			 .CODE
    446	    01C6  BA 0002r			 lea dx,mess1
    447	    01C9  52				 push dx
    448	    01CA  E8 0000e			 call ecrch
    449
    450						 ;iload	-10
    451	    01CD  FF 76	F6			 push word ptr [bp-10]
    452
    453						 ;iconst 1
    454	    01D0  6A 01				 push word ptr 1
    455
    456						 ;isub
Turbo Assembler	 Version 4.1	    03/23/15 13:48:18	    Page 9
pong.ASM



    457	    01D2  5B				 pop bx
    458	    01D3  58				 pop ax
    459	    01D4  2B C3				 sub ax,bx
    460	    01D6  50				 push ax
    461
    462						 ;istore -10
    463	    01D7  58				 pop ax
    464	    01D8  89 46	F6			 mov word ptr [bp-10],ax
    465
    466						 ;goto FAIRE3
    467	    01DB  EB D0				 jmp FAIRE3
    468	    01DD			 FAIT3:
    469						 ;ecrireChaine "o"
    470	    01DD			 .DATA
    471	    0004  6F 24			 mess2 DB "o$"
    472	    0006			 .CODE
    473	    01DD  BA 0004r			 lea dx,mess2
    474	    01E0  52				 push dx
    475	    01E1  E8 0000e			 call ecrch
    476
    477						 ;iconst 65500
    478	    01E4  6A DC				 push word ptr 65500
    479
    480						 ;istore -10
    481	    01E6  58				 pop ax
    482	    01E7  89 46	F6			 mov word ptr [bp-10],ax
    483
    484	    01EA			 FAIRE4:
    485						 ;iload	-10
    486	    01EA  FF 76	F6			 push word ptr [bp-10]
    487
    488						 ;iconst 0
    489	    01ED  6A 00				 push word ptr 0
    490
    491						 ;isup
    492	    01EF  5B				 pop bx
    493	    01F0  58				 pop ax
    494	    01F1  3B C3				 cmp ax,bx
    495	    01F3  7E 04				 jle $+6
    496	    01F5  6A FF				 push -1
    497	    01F7  EB 02				 jmp $+4
    498	    01F9  6A 00				 push 0
    499
    500						 ;iffaux FAIT4
    501	    01FB  58				 pop ax
    502	    01FC  3D 0000			 cmp ax,0
    503	    01FF  74 12	90 90			 je FAIT4
    504
    505						 ;iload	-10
    506	    0203  FF 76	F6			 push word ptr [bp-10]
    507
    508						 ;iconst 1
    509	    0206  6A 01				 push word ptr 1
    510
    511						 ;isub
    512	    0208  5B				 pop bx
    513	    0209  58				 pop ax
Turbo Assembler	 Version 4.1	    03/23/15 13:48:18	    Page 10
pong.ASM



    514	    020A  2B C3				 sub ax,bx
    515	    020C  50				 push ax
    516
    517						 ;istore -10
    518	    020D  58				 pop ax
    519	    020E  89 46	F6			 mov word ptr [bp-10],ax
    520
    521						 ;goto FAIRE4
    522	    0211  EB D7				 jmp FAIRE4
    523	    0213			 FAIT4:
    524						 ;goto FAIRE1
    525	    0213  E9 FE0B			 jmp FAIRE1
    526	    0216			 FAIT1:
    527						 ;queue
    528	    0216  90				 nop
    529						 EXITCODE
1   530	    0217  B4 4C				 MOV	 AH,4Ch
1   531	    0219  CD 21				 INT	 21h
    532						 end debut
